  復元対象のプロジェクトを決定しています...
  操作の必要はありません。指定したいずれのプロジェクトにも修復するパッケージは含まれていません。
